$0003F0  ABS
$0003F0  ORD
$0003F0  ORD4
$0003F0  CHR
$0003F0  ODD
$0003F0  SUCC
$0003F0  PRED
$0003F0  SIZEOF
$0003F0  POINTER
$0003F0  EXIT
$0003F0  HALT
$0003F0  LENGTH
$0003F0  COPY
$0003F0  CONCAT
$0003F0  POS
$0003F0  DELETE
$0003F0  ROUND
$0003F0  TRUNC
$0003F0  SQR
$0003F0  SQRT
$0003F0  WRITE
$0003F0  WRITELN
$0003F0  READ
$0003F0  READLN
$0003F0  NEW
$0003F0  DISPOSE
$0003F0  MARK
$0003F0  RELEASE
$0003F0  MOVELEFT
$0003F0  MOVERIGHT
$0003F0  FILLCHAR
$0003F0  SCANEQ
$0003F0  SCANNE
$0003F0  BLOCKREAD
$0003F0  BLOCKWRITE
$0003F0  UNITREAD
$0003F0  UNITWRITE
$0003F0  IORESULT
$0003F0  UNITSTATUS
$0003F0  UNITCLEAR
$0003F0  UNITBUSY
$0003F0  TIME
$0003F0  KEYPRESS
$0003F0  TpLONGINT
$0003F0  LIntMulInt
$0003F0  LIntDivLInt
$0003F0  DistToLDist
$0003F0  LRectToRect
$0003F0  LPtToPt
$0003F0  LPatToPat
$0003F0  SetPt
$0003F0  SetRect
$0003F0  EqualRect
$0003F0  EmptyRect
$0003F0  PenNormal
$0003F0  PenMode
$0003F0  PenSize
$0003F0  PenPat
$0003F0  MoveTo
$0003F0  LineTo
$0003F0  Move
$0003F0  Line
$0003F0  FrameRect
$0003F0  PaintRect
$0003F0  EraseRect
$0003F0  InvertRect
$0003F0  FrameRgn
$0003F0  PaintRgn
$0003F0  EraseRgn
$0003F0  InvertRgn
$0003F0  RectRgn
$0003F0  DiffRgn
$0003F0  SectRgn
$0003F0  UnionRgn
$0003F0  OffsetRgn
$0003F0  ClipRect
$0003F0  SetClip
$0003F0  GetClip
$0003F0  OpenPort
$0003F0  ClosePort
$0003F0  GetPort
$0003F0  SetPort
$0003F0  DrawString
$0003F0  StringWidth
$0003F0  TextFont
$0003F0  TextFace
$0003F0  TextSize
$0003F0  GetFontInfo
$0003F0  CharWidth
$0003F0  NewRgn
$0003F0  DisposeRgn
$0003F0  CopyRgn
$0003F0  SetPen
$0003F0  GetPen
$0003F0  InsFirst
$0003F0  InsLast
$0003F0  Scan
$0003F0  ClipFurtherTo
$0003F0  NewBreakLocation
$0003F0  DistinguishScreenFeedback
$0003F0  DoOnAPage
$0003F0  StrUpperCased
$0003F0  CallProc
$0003F0  MarksRevenge
$0003F0  sorted
$000400  welcome
$000400  oscontext
$000400  DfltMemTest
$000400  DfltMouseOn
$000400  DfltScaling
$000400  DfltExtenMem
$000401  DfltSubRepeat
$000402  DfltFadeDelay
$000403  DfltBeepVol
$000404  cd_pm_version
$000404  DfltDimCont
$000404  DfltDoubleClick
$000404  DfltInitRepeat
$000406  DfltNormCont
$000408  threshold
$000423  maxdtable
$000432  pmmaxindex
$00047E  GETLDMAP
$000530  INIT_PE
$00055C  DB_INIT
$0005B3  adr_bootdev
$0005DC  AVAIL_INIT
$000608  adr_c_domain_adr
$000610  drivrjt
$0006A4  adr_lowcore
$000933  osversion
$000B42  INIT_PROCESS
$0010AA  INIT_EM
$0010E2  SCTAB1
$0025F0  SCTAB2
$002C6C  INIT_SCTAB
$002C8C  FS_INIT
$002D4C  FADECONERT
$002DEE  CONERTCONT
$002E20  DIMCONERT
$002E56  DEFAULTPM
$002FEA  SET_PREFERENCES
$00313C  INIT_CONFIG
$003306  GET_BOOTSPACE
$003410  CONFIG_DOWN
$0034CC  LOADCD
$0036A6  FIND_BOOT
$003AA4  FIND_PM_IDS
$003F74  FIND_CDDS
$004270  LOADEM
$0043D0  NEW_CONFIG
$0044DE  INIT_BOOT_CDS
$0047E8  MAKE_BUILTIN
$004A42  SHORTEN
$004AA6  INIT_JTDRIVER
$005042  BOOT_IO_INIT
$0057CC  Sys_Proc_Init
$0059AC  PR_CLEANUP
$005B58  INITSYS
$005D18  stopper
$005D18  GDVERSION
$005D19  beg_glorefnum
$005D1A  poolEnthdsize
$005D1B  maxDomain
$005D1B  minfreesize
$005D1C  sentDomain
$005D1F  mmureadwrite
$005D26  max_vmerr
$005D2A  traceaddr
$005D2D  bufferpages
$005D58  TRACE
$005D90  version
$005DAE  subc_max
$005E17  max_pathname
$005E40  SET_TRACE_FENCE
$005E6C  SYSTEM_ERROR
$005F2C  tracebase
$005F30  defblocksize
$0060FA  ENQUEUE
$00617C  DEQUEUE
$0061E4  FIND_SPAN
$0064E6  e_badparmaddr
$0064E6  INIT_FREEPOOL
$0064E7  e_badrefnum
$00658A  L_R_MERGE
$006638  RELSPACE
$0067B6  NEWSPACE
$006804  GETSPACE
$006C0C  SET_REFNUM_PARMS
$006C74  FIND_REFNCB_ENTRY
$006D5C  GET_REFNUM
$006F76  FREE_REFNUM
$0070C8  CHK_REFNUM
$00715E  HIDE_REFNUM
$0071A6  SHOW_REFNUM
$0071EE  GETID
$007294  INITUID
$0072BE  POOL_INIT
$0073C6  sys_terminate
$0073C6  sys_zero_div
$0073C6  sys_value_oob
$0073C6  sys_overflow
$0073C6  sys_nmi_key
$0073C6  no_error
$0073C6  exprmversion
$0073CB  curversion
$0073D1  size_exdata
$0073D1  def_div_zero
$0073D2  def_value_oob
$0073D3  def_ovfw
$0073D4  def_nmi_key
$0073D5  def_range
$0073D6  len_exname
$0073D6  def_str_index
$0073D8  raise_ex_pending
$0073DA  prim_level
$0073DB  bus_error
$0073DC  addr_error
$0073DD  illg_inst
$0073DE  priv_violation
$0073E0  line_1010
$0073E1  line_1111
$0073E2  spur_intr
$0073E3  unexpected_ex
$0073E5  div_zero
$0073E6  value_oob
$0073E7  ovfw
$0073E8  nmi_key
$0073E9  value_range
$0073EA  str_index
$0073F8  hard_prolog_level
$007420  ui_level
$00742A  sigl_excep
$00742B  em_over_fence_level
$00748E  e_ex_base
$00748F  no_exname
$007490  no_space
$007491  e_ilname
$0075CA  srch_ecb
$007732  signal_excep
$007790  deq_ex_data
$007838  set_ec_refnum
$007890  PRIMVERSION
$007890  NONCONTIG
$007898  vercode
$0078A0  perrbase
$0078A2  ZERO_TIME
$0078B4  UPSHIFT
$0079AA  INITFS
$007A28  disinitfs
$007AB6  ABSPAGE
$007BCA  E1_VOLUME_FULL
$007BD8  E_FMAP_SHORT
$007BE0  E_EOF
$007BED  E_PAST_PEOF
$007BF7  E1_SENTRY_BAD
$007BF8  E_FCB_NOSPACE
$007BF9  E_OPEN_PRIVATE
$007BFA  E_NO_DEV_MOUNTED
$007BFB  E2_SENTRY_BAD
$007BFF  E_PAST_LEOF
$007C02  E3_VOLUME_FULL
$007C03  E_READ_PAST_LEOF
$007C05  E_UPDATE_SENTRY
$007C06  E_NO_SYSLOCAL
$007C08  E_NOT_FOUND
$007C0A  E_ENTRY_EXISTS
$007C0B  E_CATALOG_FULL
$007C0C  E1_NAME_ILLEGAL
$007C0E  E_NO_ENTRY
$007C0F  E2_NAME_ILLEGAL
$007C10  E_SAFETY_ON
$007C14  E_FCBPTR_BAD
$007C15  E2_VOLUME_FULL
$007D37  E_FILEIO_ARG
$007D39  E_EOF_EARLY
$007D95  E_FLAT_OP
$007D9E  E_PASSWORD
$008008  sopencheck
$0080F6  GetFCB
$00831E  open_temp
$008428  max_glorefnum
$008429  beg_locrefnum
$00853E  close_temp
$00861C  UpgradeFile
$0087BE  OPEN_SFILE
$008B95  e_badfreepool
$009126  ChkVmErrors
$0091F8  CLOSE_SFILE
$0099AA  DIRECT_IO
$009B9E  e_hard_excep
$009B9F  e_hardsyscode
$009BA0  e_hard_sigl
$009BA1  e_nmi_excep
$009BA2  e_flinesyscode
$009BA3  e_ex_prolog
$009BA5  e_excep_setup
$009BA6  e_rangeerror
$009BAA  e_term_def
$009BAB  e_force_term
$009BC8  remreq
$009C02  remallreq
$009C42  addreq
$009D28  abortio
$009D6E  doit
$00A7B2  init_fmap
$00A960  GetRelPage
$00AA46  nextviamap
$00ABB0  AllocPages
$00AE92  FILEIO
$00C66E  HENTRY_IO
$00C6DC  hash
$00C874  LOOKUP_BY_ENAME
$00CD30  MAKE_ROOTCAT
$00CF7A  crypt
$00D03C  CheckPasswd
$00D124  Make_Entry
$00D9D4  KILL_ENTRY
$00DD17  max_locrefnum
$00E3A8  GetPathname
$00E3C2  monvarmmu
$00E3C2  oset_memchain
$00E3C2  MMPRIMVERSION
$00E3C3  e_noresources
$00E3C3  minmmu
$00E3C3  codespacemmu
$00E3C5  e_badpc
$00E3C7  mmureadonly
$00E3C8  mmustack
$00E3CA  mmuio
$00E3CC  e_nofreeze
$00E3CD  e_badaddr
$00E3CE  mmuabsent
$00E3D0  oset_freechain
$00E3D2  max_ldsn
$00E3D2  lisabugmmu
$00E3D2  max_mmlist_size
$00E3D3  kernelmmu
$00E3D4  MAP_SYSLOCAL
$00E3E0  e_stktoobig
$00E3E1  e_dataoverflow
$00E3E2  e_nostkdisk
$00E3F4  e_nomem
$00E3F5  e_unpackerr
$00E3F6  e_ioerr
$00E3F7  e_nomrdata
$00E3FD  lsyscodemmu
$00E3FE  fMRdataMMU
$00E414  lMRdataMMU
$00E415  DrvrCodeMMU
$00E416  mmucodemmu
$00E417  realmemmmu
$00E427  superstkmmu
$00E428  sysglobmmu
$00E429  syslocmmu
$00E42A  minsysldsnmmu
$00E42C  maxsysldsnmmu
$00E42C  lusercodemmu
$00E42D  ldsn1mmu
$00E42E  ldsn2mmu
$00E433  ldsn7mmu
$00E43D  stackmmu
$00E43E  maxmmu
$00E43E  shrsegmmu
$00E43F  screenmmu
$00E441  prommmu
$00E442  numbmmus
$00E448  MAP_SPACE
$00E4C2  hmempgsize
$00E4C2  maxpgmmu
$00E5B6  e_mmbase
$00E5C2  mempgsize
$00E6D2  MAP_DATASPACE
$00E6EE  MAP_DOMAIN
$00E70E  MAP_SEGMENT
$00E8E6  REMAP_SEGMENT
$00EA8A  MMU_BASE
$00EB0E  LDSN_TO_MMU
$00EB36  INIT_MMLIST
$00EB82  k_pg1MBm32k
$00EBC1  k_pgallmem
$00EBC2  k_pg1MB
$00EBE2  IN_MMLIST
$00ECDA  EXTEND_MMLIST
$00ED60  ADD_ENTRY
$00EEE4  ADDTO_MMLIST
$00EF08  DEL_MMLIST
$00F004  NEXT_IN_MMLIST
$00F102  ADDTO_SRB
$00F13C  DEL_SRB
$00F176  CLEAR_SRB
$00F2B4  ABORT_VIA_SRB
$00F438  Prepare_Process
$00F7D4  GROW_SPACE
$00FA84  EXPAND_POOLSPACE
$00FCE6  ADJ_IO_CNT
$00FD5C  CVT_BUFF_ADDR
$010020  ADJ_DATA_LOCKCOUNT
$010152  UNLOCKDATA
$010168  LOCKDATA
$01017C  MMBUSY
$0101A0  SET_MMBUSY
$0101C4  S_SWAP_SPACE
$010454  PROCS_DATA_NEEDS
$010680  DATA_LOCKOUT
$01086A  MAKE_MRDATA
$010A62  REL_MRDATA
$010B6C  PPrim_Version
$010B7E  Unblock_Process
$010BD0  e_noprocess
$010BD1  e_invprocess
$010BFC  Block_Process
$010C4E  semPriority
$010CC4  Find_PCB
$010DC4  Rel_PCBglist
$010EC0  Init_sem
$010F24  Signal_sem
$01119E  Wait_sem
$01134C  Send_SoftInt
$011412  Clear_SoftInt
$011442  AbortProcess
$011496  MakeSGSpace
$01153C  UserBreak
$011628  ScanPCBQueue
$01191C  ProcDisplay
$01194C  RemoveProcess
$011CBE  DRIVER
$0121D8  ok
$0121D8  interrupt
$0121D8  FINISH_REQUEST
$0121D9  waitint
$0121DA  ReadTape
$0121DC  WriteTape
$0121DE  Tcontrol
$01241C  START_NEW_REQUEST
$012438  badxferlen
$01243A  nospace
$012447  baddcontrol
$012468  badcal
$012909  Treaderr
$01290A  Twriterr
$01290B  Tconerr
$01290C  packeterr
$01290D  packet2err
$0132A6  TIMER_UNBLK
$0132D8  ac_level
$01330B  over_fence_level
$0133E6  status_req
$013400  unblk_req
$013554  blk_req
$013726  cpub_lisa
$013726  iob_lisa
$013726  call_open
$013726  LDR_CALL
$013726  cd_buf
$013727  cpub_pepsi
$013727  iob_pepsi
$013727  devcd
$013727  call_fill
$013727  cd_nex
$013728  iob_sony
$013728  chancd
$013728  call_byte
$013728  cd_nospace
$013729  iob_lite
$013729  slotcd
$013729  call_word
$013729  cd_read
$01372A  call_long
$01372A  cd_src
$01372B  cdd_version
$01372B  call_move
$01372B  cd_seg
$01372C  max_chan
$01372C  call_read
$01372D  emptychan
$01372E  permbitbucket
$013730  maxcharges
$013734  max_slot
$013735  emptyslot
$013744  max_dev
$013745  emptydev
$01374F  twig_fs_block0
$013758  maxcdd
$013758  maxpm
$013759  not_occupied
$0137BC  LD_INITMEDIA
$0137D2  LD_DISABLE
$0137E0  LD_OPENINPUT
$01382C  LD_FILLBUF
$013864  LD_GETBYTE
$01389E  LD_GETWORD
$0138D6  LD_GETLONG
$01390E  LD_MOVEMULTIPLE
$013958  LD_READSEQ
$0139C8  LD_READBLOCK
$0139CE  memadr
$0139E3  cdnospace
$0139EA  BUILDNAME
$013A14  cdbadparms
$013A15  cdnodev
$013A16  cdbusy
$013A17  cdnotterm
$013A18  cdbuiltin
$013A19  cdisolated
$013A1A  cdoccupied
$013A1B  cdnoparaport
$013A1C  cdtoomany
$013A3C  cd_base
$013B0A  FIND_EMPTYSLOT
$013BB8  ENABLEDBG
$013BF8  ADR_DISK_CONTROL
$013C88  CARDS_EQUIPPED
$013D36  OSBOOTVOL
$013D62  MACH_INFO
$013DB4  MAKE_NAME
$013E78  MAKE_DISK_INFO
$013F26  chan_offset
$014006  NEW_CULT
$0140EC  ALREADY_EXISTS
$014244  TERMDRVR
$014358  PAYBILLS
$0143B4  REVOKE_CHARGES
$01443C  CHARGE_IT
$0144F4  NEW_DEVICE
$014BD0  MAKE_INTERNAL
$014CB8  TRANSPOS
$014E3A  CDINFO
$015058  PDEV_CONTROL
$015094  CDKILL
$0153FE  CDMAKE
$0155F0  STUFF_INFOBUF
$0156A2  IS_BOOTER
$0157C4  FIND_POPA
$015882  CLEANUP
$015934  INIT_CDS
$015E36  sys_err_base
$0160F2  badloaderparms
$0160F3  stup_nospace
$0160F4  stup_opmakerr
$0160F5  stup_didntblock
$0160F6  stup_driver
$0160F8  stup_twig
$0160F9  stup_fsinit
$0160FA  stup_mount
$0160FB  stup_cantmapscreen
$0160FC  stup_config_full
$016118  stup_find_boot
$016119  stup_load_boot
$01611A  stup_init_boot
$01611B  stup_seq_boot
$01695E  UNLOAD_DRIVER
$01697A  CHECK_READ_ERROR
$0169D0  LOAD_DRIVER
$016CD0  ADD_INTERVAL
$016F46  errbase
$016FEC  GET_TIME
$017248  SET_TIME
$0173AE  TIMEOUT
$017726  slot_offset
$017820  CLK_Q_MGR
$017998  CLOCK_INIT
$017A48  SAVE_EVENT
$017AC6  GRAB_EVENT
$017B4A  LOWPRI
$017FA4  FINISH_REQ
$018082  CINITIT
$0182D2  CCONTROL
$018536  CSEQIO
$018BD4  DSVERSION
$018BD4  setnds
$018BD6  e_badldsn
$018BD7  e_ldsnfree
$018BD8  e_ldsnused
$018BD9  e_alreadybound
$018BDA  e_dstoobig
$018BDB  e_badpathname
$018BDC  e_dupds
$018BDD  e_nodiscspace
$018BDE  e_invalidsize
$018BDF  e_nosysresources
$018BE0  e_filesyserr
$018BE1  e_nods
$018BE2  e_addrnoldsn
$018BE3  e_datalockout
$018BE4  e_badstatcall
$018BE5  e_discerror
$018BE6  BAD_LDSN
$018BE8  e_subsize
$018BE9  e_baddata
$018BF4  maxcdrvr
$018C3C  CHK_LDSN_FREE
$018D00  e_dsbase
$018D2E  INFO_LDSN
$018E44  UPD_MRBT
$0190AC  UNBIND_DATASEG
$0191F6  BIND_DATASEG
$019418  SETACCESS_DATASEG
$019502  INFO_DATASEG
$019656  syserbase
$019792  RELSDSCB
$0197C4  Find_it
$0199C0  SRCH_SDSCB
$019A6A  RELDSREFDB
$019AFE  DS_CLOSE
$01A058  OPENIT
$01A302  DS_OPEN
$01A3F6  syserrbase
$01AE1E  FULLPAGES
$01AF8A  MAKE_DATASEG
$01B508  OPEN2_DATASEG
$01B658  OPEN_DATASEG
$01B6DA  OPEN_NR_DATASEG
$01B70E  MAKE_IT
$01B724  not_slot
$01B725  no_card
$01B7AC  MAKE_SYSDATASEG
$01B926  CLOSE_DATASEG
$01B9B8  RECOVER
$01BA2A  KILL_DATASEG
$01BC22  SIZE_DATASEG
$01C4C2  FLUSH_DATASEG
$01C560  DS_CLEANUP
$01C60A  MEM_INFO
$01C786  INFO_ADDRESS
$01C826  REALADDR
$01C892  INIT_DRIVER_SPACE
$01C96E  ExpandSpace
$01CB44  FindSpace
$01CC60  GET_DRIVER_SPACE
$01CD9E  REL_DRIVER_SPACE
$01D080  PRO_DRIVER_SPACE
$01D0BC  EC_ldsn
$01D0BC  no_err
$01D0BC  ecversion
$01D0BD  user_event_type
$01D0BD  e_inv_refnum
$01D0BE  sys_son_term
$01D0C1  ecdef_size
$01D0C5  size_etext
$01D0C6  size_waitlist
$01D0CE  tr_ex_ec
$01D0E4  ec_prim_level
$01D116  ec_ui_level
$01D1A4  Find_ECCB
$01D24C  e_ec_base
$01D24D  e_inv_name
$01D24E  e_no_sg_space
$01D24F  e_no_rdb_space
$01D250  e_inv_device
$01D251  e_catfull
$01D252  e_no_ec
$01D256  e_open_send_lec
$01D257  e_open_recv
$01D259  e_open
$01D25C  e_ecspace
$01D25D  e_close
$01D260  e_wait_nr_chn
$01D261  e_req_fail
$01D262  e_wait_e_call_chn
$01D263  e_ec_not_found
$01D264  e_r_actual
$01D265  e_empty_pipe_aw
$01D266  e_can_apipe
$01D267  e_waitlist
$01D268  e_senderclose
$01D269  e_wait
$01D26A  e_send_ns_chn
$01D26B  e_w_actual
$01D26C  e_recvclose
$01D26D  e_write
$01D274  e_make
$01D275  e_ec_exist
$01D279  e_kill
$01D27E  e_flush
$01D2B8  Open_Event_Chn
$01D4BC  init_ECsize
$01D8D4  Flush_Event_Chn
$01D988  Close_Event_Chn
$01DBC6  Write_Event
$01DD96  Send_Event_Chn
$01DF5C  Read_Event
$01E060  Wait_Event_Chn
$01E2FA  Info_Event_Chn
$01E40A  make_event_chn
$01E41C  Kill_Event_Chn
$01E460  EC_Setup
$01E4B0  Init_EC
$01E4EE  EC_Cleanup
$01E676  localEC
$01E6F0  ex_q_empty
$01E7A2  setup_state
$01E868  find_ecb
$01E92A  adr_displayformat
$01E92C  adr_regptr
$01EA90  find_excep
$01EB80  Pexcep_prolog
$01ECD8  force_term_excep
$01EDAA  showregs
$01F278  hard_excep
$01F78C  showvalue
$01F8AE  rangeerror
$01F95C  e_ec_system
$01F95D  e_ec_cleanup
$01F95E  e_wt_actual
$01FACE  exmgrversion
$01FAE0  hard_def_hdl
$01FBB4  term_def_hdl
$01FC02  crea_ecb
$01FD9E  excep_setup
$01FFBE  init_excep
$01FFE2  declare_excep_hdl
$02025E  disable_excep
$0202D2  enable_excep
$020326  info_excep
$020460  flush_excep
$0205B6  ROOT_NID
$0205B6  TouchNode
$0205BA  TREE_ID
$0205DA  KEY_SIZE
$020604  Post
$020617  DIRLEVEL
$02062C  FreeBuf
$02065A  DQbuf
$02069E  NQbuf
$0206F6  GetNode
$020AB6  E_TREE_EMPTY
$020AB7  E_PATHNAME
$020AB8  E_PATH_SYNTAX
$020AB9  E_NOT_DIR
$020ABA  E_DIR_NOT_EMPTY
$020ABD  E_SCANSTK_NOSPACE
$020ABE  E_TREE_MUNCH
$020BF0  AllocNode
$020D3A  FreeNode
$020E0E  UpdateLinks
$020F0A  FirstRec
$0210A0  DeleteRec
$02119E  SimpleInsert
$02141A  MergeNodes
$02165E  OneRotate
$021826  ManyRotates
$021BE8  Solomon
$021EAC  SplitPoint
$021F98  SizeofRec
$0221C6  RotatePoint
$022442  Siblings
$02267E  Split_Rotate
$022FE6  E_DBL_FREE
$022FE7  E_NOT_ALLOC
$022FE8  E_COLD_LOCK
$022FE9  E_BUF_LOCKED
$0232CC  RealDelete
$023A06  DelAdjust
$02436A  UndoSplits
$024694  InsertSplit
$024E10  Search
$0250FA  E_Search
$0251DC  SeqRec
$0253BC  Position
$025542  Gobble
$0257E0  State
$0259B4  PathSearch
$025D18  maxmmusize
$025E2C  INSERT
$026174  Ddelete
$026520  SetWorkingDir
$026638  GetDirPath
$0268B0  GetWorkingDir
$026964  ResetDir
$026CF0  Pop
$026E4C  GetNextEntry
$02748C  INITVERSION
$02748C  FREE_SNUM
$02748C  MDDF_HOME
$02748C  HINT_OFFSET
$02748C  FMAP_OFFSET
$02748C  DEFVERSION
$02748C  DEFVOLUME
$02748C  wbt_nex
$02748D  MDDF_SNUM
$02748D  BMAP_HOME
$02748D  MDDF_PAGES
$02748D  LPAGES
$02748D  HINT_PAGES
$02748D  DEFCLUSTERSIZE
$02748D  wbt_too_big
$02748E  BMAP_SNUM
$02748E  wbt_io_in
$02748F  SLIST_SNUM
$02748F  wbt_io_out
$027490  wbt_src
$027491  wbt_bdev
$027492  WAIT_SECS
$027492  wbt_dserr
$027493  wbt_seg
$027494  MAX_RETRIES
$027494  wbt_no_conf
$027495  wbt_nospace
$027496  wbt_pre_eof
$02749C  SREDUCE
$0274A0  DELTA_SFILES
$0274A0  disk_header
$0274A4  two_header_delta
$0274DA  GET_BT_FILE
$02750C  SMAP_OFFSET
$02758C  MEMPAGES
$02759A  MDDF_BACKUP
$0275A4  MIN_VOLSIZE
$0275C0  clearmap
$027612  make_psfile
$027680  ubd_sl_need
$02768C  pagesize
$0277E8  NEWVOLUME
$0277EE  E_FS_VERSION
$02780D  E_BOOT_DEV_BAD
$0278FC  E_BOOT_NOT_MOUNT
$0278FD  E_BOOT_MOUNT
$0278FE  E_PRIORITY
$027901  E2_BOOT_MOUNT
$027902  E_VOL_MOUNTED
$027903  E_MDDF_NOSPACE
$027904  E_BT_REMOUNT
$027905  E2_BITMAP_NOSPACE
$027912  E_BUF_TOO_SMALL
$027914  E_VOL_TOO_SMALL
$027916  pwr_already_off
$027917  E_FUNCTION
$027918  E_NOT_TWIGGY
$02791A  E_DEV_MOUNTED
$02791B  E_NOT_BLOCK_DEV
$02791C  E_DEV_RANGE
$02791D  E_INIT_DEF_MOUNT
$02791E  E_INIT_FS_MOUNT
$02791F  E_NAME_INVALID
$027920  E1_BITMAP_NOSPACE
$027939  E_BOOT_READ
$027946  wbt_base
$027B20  os_size
$027B32  mon_size
$027FA4  ubd_sg_need
$0289EE  FS_Master_Init
$028C46  ForgetIt
$028C6A  FlushFiles
$028EDE  GiveUpGhost
$02905A  FlushMem
$029138  FS_EMERGENCY
$0292D6  EjectDev
$02931A  UnmountDev
$02939C  FS_SHUTDOWN
$029822  PWBT
$02A18A  getdevnum
$02A224  newv
$02A34E  zapvol
$02A452  format_twiggy
$02A668  eject_twiggy
$02A7DA  block_mount
$02A9AE  ubd
$02AEF8  rbd
$02B39C  tbt_copy
$02BA6E  wrbt
$02BB44  trans_psw
$02BC8C  general_purpose
$02BE98  Fs_Utilities
$02C084  FS_Setup
$02C1AA  FS_Cleanup
$02C2EA  null_refnum
$02C2EA  UIVERSION
$02C2EA  LISA1
$02C2EB  PEPSI
$02C2EC  LIGHT
$02C2F4  maxopenlist
$02C2F6  parmbytes
$02C2FC  UIINIT
$02C30C  UIDISINIT
$02C31C  Match
$02C34E  gne_cecount
$02C36A  max_label_size
$02C478  Alias
$02C666  E1_NAME_INVALID
$02C683  E1_PATH_INVALID
$02C684  E1_LABEL_SIZE
$02C697  E2_PATH_INVALID
$02C69A  E_NOT_A_FILE
$02C69B  E_NOT_KILLED
$02C69C  E3_PATH_INVALID
$02C69D  E_REFDB_NOSPACE
$02C69E  E_NO_FILE
$02C69F  E2_OPEN_PRIVATE
$02C6A1  E1_OPEN_PRIVATE
$02C6A2  E1_REFNUM_INVALID
$02C6A4  E2_REFNUM_INVALID
$02C6A5  E_NO_READ_ACCESS
$02C6A6  E1_SET_FMARK
$02C6A7  E1_COUNT_ILLEGAL
$02C6A8  E1_SEQ_ACCESS_ONLY
$02C6AB  E_REFNUM_INVALID
$02C6AC  E_NO_WRITE_ACCESS
$02C6AD  E2_SET_FMARK
$02C6AE  E_ABS_APPEND
$02C6AF  E_REL_APPEND
$02C6B0  E_FMARK_FUDGED
$02C6B1  E2_SEQ_ACCESS_ONLY
$02C6B2  E4_REFNUM_INVALID
$02C6B6  E3_NOT_FOUND
$02C6B8  E5_REFNUM_INVALID
$02C6BB  E6_REFNUM_INVALID
$02C6BC  E_ZERO_COUNT
$02C6BD  E1_NOT_BLOCK_DEV
$02C6BF  E7_REFNUM_INVALID
$02C6C0  E_FILE_NULL
$02C6C1  E2_NOT_BLOCK_DEV
$02C6C3  E8_REFNUM_INVALID
$02C6C5  E3_NOT_BLOCK_DEV
$02C6C9  E10_PATH_INVALID
$02C6CA  E4_NOT_BLOCK_DEV
$02C6CC  E9_REFNUM_INVALID
$02C6CD  E5_NOT_BLOCK_DEV
$02C6E7  E4_PATH_INVALID
$02C6E8  E4_NOT_FOUND
$02C6E9  E2_NAME_INVALID
$02C6EA  E2_ENTRY_EXISTS
$02C6F1  E5_PATH_INVALID
$02C6F2  E1_LABL_RANGE
$02C6F3  E5_NOT_FOUND
$02C6FB  E6_PATH_INVALID
$02C6FC  E2_LABEL_RANGE
$02C6FD  E6_NOT_FOUND
$02C705  E2_DEV_INVALID
$02C707  E_TBOOT_MOUNT
$02C70F  E3_DEV_INVALID
$02C710  E1_NO_DEV_MOUNTED
$02C710  E3_NO_DEV_MOUNTED
$02C719  E7_PATH_INVALID
$02C72D  E8_PATH_INVALID
$02C72E  E7_NOT_FOUND
$02C737  E4_DEV_INVALID
$02C74B  E9_PATH_INVALID
$02C74C  E1_GNEBUF_NOSPACE
$02C74E  E2_GNEBUF_NOSPACE
$02C754  E_PROTECTION
$02C755  E_DEV_INVALID
$02C756  E2_NO_DEV_MOUNTED
$02C757  E_END_OPEN_LIST
$02C758  E_OPENLIST_NOSPACE
$02C759  E1_NOT_FOUND
$02C796  E_VOL_IN_USE
$02C798  E2_COUNT_ILLEGAL
$02C7E1  E_NOT_MOUNTED
$02C7E2  E_NO_DEVICE
$02C7F0  E_DIR_OP
$02C7F3  E_VOL_OP
$02C7F4  E_DIR_GONE
$02C800  map_dev_name
$02CA18  DecompPath
$02CBC2  SplitPathname
$02CBF2  ReadDir
$02CD66  parse_pathname
$02CEB0  fs_mount
$02D1C6  fs_unmount
$02D56A  Make_Object
$02D68E  Make_File
$02D6B8  Make_Secure
$02D6E4  Make_Pipe
$02D6F8  Make_Link
$02D70C  Make_Catalog
$02D736  KILL_OBJECT
$02D800  Kill_Secure
$02D8CE  UNKILL_FILE
$02E08C  is_global_refnum
$02E0D4  GET_OPEN_LIST
$02E30A  REG_OPEN_LIST
$02E63E  GOPEN
$02F148  OPEN
$02F180  POPEN
$02F1B8  Open_Secure
$02F1F4  CLOSE_OBJECT
$02F6BC  READ_DATA
$02FC8A  set_fmark_reader
$02FF38  WRITE_DATA
$0305D0  FLUSH
$03082A  FCB_Report
$030B24  Dir_Report
$030D16  Config_Report
$030EC6  DCB_Report
$031294  Hentry_Report
$0314AC  GLookup
$031BA2  Lookup
$031BCA  Info
$031DDA  Quick_Lookup
$031F80  ALLOCATE
$03250A  TRUNCATE
$032822  COMPACT
$032B3E  Grename_Entry
$033510  Rename_Entry
$033536  Rename_Secure
$033560  UserLabel_IO
$0338D6  Read_Label
$03390A  Write_Label
$03393E  MOUNT
$033A2E  Unmount
$033B64  SET_WORKING_DIR
$033D10  GET_WORKING_DIR
$033D34  FetchHentry
$033FD8  Set_Hentry
$0347CA  Change_Password
$034932  Verify_Password
$0349CE  SET_SAFETY
$034A18  DEVICE_CONTROL
$034B62  RESET_CATALOG
$034D5E  Reset_Subtree
$034E82  GET_NEXT_ENTRY
$035492  Lookup_Next_Entry
$03581A  PROTECT
$035876  GET_SERIAL_NO
$035890  PSET_VOL_INFO
$035A04  Set_File_Info
$035BAA  Pset_File_Info
$035D3A  PMSnapshot
$035D90  Read_Attributes
$035DA4  Write_Attributes
$035DB8  CANCEL_REQ
$035E2C  DISKIO
$036060  ebase
$0363F2  DRIVERCALL
$036420  LINK_TO_PCB
$0364A0  DOWN
$0367AA  UP
$036B4C  ALARM_FIRES
$036BBC  ALARM_ASSIGN
$036C0E  BADCALL
$036C6C  CHAIN_FORWARD
$036C9A  SCC
$036E26  KEYBD
$036EA0  SEQENTIO
$03719A  readcmd
$03719A  USE_HDISK
$03719B  wait_int
$03719B  writecmd
$037428  hd_err
$03742C  premenderr
$03742C  NEXT_HDR
$03742D  vfyerr
$03742F  ignorerr
$037488  OKXFERNEXT
$037700  IODONE
$0378F2  START_DISK
$037BCE  HINITIT
$037F62  HDISKIO
$0383F8  READ_PAGE
$038408  btree_fsversion
$038476  FIND_SENTRY
$0384EE  LD_SEARCH
$0384F8  shift1byte
$0385FC  adr_loader_link
$0387BC  OPEN_FILE
$0387F7  ldmapmax
$038AEE  SHIFTNAME
$038BAC  LDHASH
$038BD4  s_maxDsSize
$038D44  LOOKUP_ENAME
$038F0C  INITMEDIA
$0390D6  OPENINPUT
$03915A  FIND_POSITION
$0392C0  FILLBUF
$0393C4  GETBYTE
$039456  GETWORD
$0394E8  GETLONG
$039578  MOVEMULTIPLE
$0398B2  DRIVER_CALL
$039A32  TRAP
$039A62  IUDir_name
$039A62  IDir_ldsn
$039A62  IUDir_file
$039A62  Load_Init
$039A62  e_noobjblock
$039A63  e_prog_open
$039A63  e_fsread
$039A64  nObjBuffBlocks
$039A64  e_inv_progfile
$039A66  nDirBuffBlocks
$039A67  e_nosysglob
$039A6A  e_progfile
$039A6D  e_segfile
$039A71  e_noseg
$039A72  e_badseg
$039A73  sPasLib1
$039A74  e_noshrspace
$039A7E  sdseg_blocks
$039A8A  AEm_Vector
$039AA2  maxFile
$039AC9  uBlkIO
$039ACC  maxSeg
$039AE2  maxIUnit
$039B28  ShiftUp
$039C44  OPN_LIBFILE
$039CB0  Open_IUDirectory
$039D24  Close_IUDirectory
$039D62  Do_VersionCtrl
$039D6E  Build_Unit_Directory
$039FFA  Build_StringTable
$03A41A  Setup_Directory
$03A50C  Map_SharedSeg
$03A708  Setup_IUInfo
$03ACC0  Get_UnitDir_Entry
$03AE36  Get_SegDir_Entry
$03AE62  JTCacheSize
$03AFAC  Free_SharedIUs
$03B174  Get_Shared_Ptr
$03B344  Build_DPT
$03B64A  Change_Directory
$03B904  List_LibFiles
$03BC92  LibFileName
$03BDE8  Get_PName
$03BEC2  Unload_SharedSegs
$03C09C  Free_Program
$03C26A  Find_PLCB
$03C36C  CheckLoaded
$03C416  ldr_err_base
$03C420  FreeSysglobal
$03C7C4  Build_Seg_Directory
$03C98C  Load_Program
$03D346  MM_Setup
$03DA7E  WriteFAInfo
$03DC14  Unload_Program
$03DEB0  Load_Cleanup
$03DF56  Free_LPs
$03E146  os_context
$03E146  na
$03E14A  BGETSPACE
$03E14D  mmunotmem
$03E155  mmuspecial
$03E156  basemmu
$03E156  debugmmu
$03E157  firstosmmu
$03E15C  versionnumb
$03E162  dc_size
$03E166  stk_space
$03E176  maxsegments
$03E1C5  promreserved
$03E246  maxstringleng
$03E256  adr_altscreen_ptr
$03E2A6  adr_screen_ptr
$03E2B6  adr_alt_screen
$03E2BA  adr_prim_screen
$03E302  FINDSPARE
$03E326  intrin_ptr_size
$03E342  adr_osconsole
$03E356  adr_ld_fs_block0
$03E358  adr_log_vol
$03E35C  adr_vol_starts
$03E362  adr_ldbase
$03E374  adr_dev_type
$03E38E  SETMMU
$03E3DA  adr_maxsize
$03E3EA  adr_minsize
$03E41C  TERMINATE
$03E424  RANGEERR
$03E438  SETVARS
$03E4F0  BOOTINIT
$03E790  BUILD_SYSGLOBAL
$03E946  slot_code
$03E946  low_core
$03EB78  LOADSEG
$03EFB8  ALLOC_SCREEN_DATA
$03F0E0  LOAD_DEBUGGER
$03F146  db_stacksize
$03F45E  LOAD_UNPACKTABLE
$03F540  LOAD_LLD
$03F596  INSTALL_LLD
$03F6C6  LOADCODE
$03FAD8  MAKESUPSTK
$03FB1C  FINDMAINENTRY
$03FB78  ALLOC_OP
$03FC30  LOADSYS
$03FE20  Init_MeasInfo
$03FE2C  log_sz_udata
$03FE2F  log_num_entry
$03FE34  e_nologging
$03FEB6  max_SCHist
$03FECE  LOGGING
$03FF18  INFORM_LOGGER
$03FF92  SetLock
$03FFCC  Lock_debugRes
$03FFE0  Unlock_debugRes
$040008  LOG2
$0401F0  LOG
$04023A  DEFINE_LOG
$040374  LOG_NEWCMD
$040424  LOG_DOWN
$040480  LOG_HANDLER
$0408E2  LOG_INIT
$040B20  SYS_STAT
$040C3C  DEVINIT
$040C4C  READ_BLOCK
$040C8C  maxtrk
$040D1E  READ_SEQ
$040DDA  MMVERSION
$040DDC  extraPages
$040DE0  abortPages
$040DEC  P_ENQUEUE
$040E3C  blocksize
$040E40  P_DEQUEUE
$040E7C  REMOVESDB
$040ED6  TAKE_FREE
$040F68  MERGE_FREE
$04106C  INSERTSDB
$04110A  ldstksize
$04110A  ldsize
$0411D2  MAKE_FREE
$0412C4  LOCKSEG
$0412CF  maxblock
$0413EA  UNLOCKSEGS
$0414E0  fs1Lock
$0414F6  fs2Lock
$04150C  fs3Lock
$041522  fs4Lock
$041538  fs5Lock
$04154E  fs7Lock
$041564  initLock
$04157A  LOCKOS
$0416B0  SEG_IO
$04188A  SWAP_SEG
$042000  TSTCLKPTR
$042088  DEALLOC_MEM
$0420F4  TOSS_SEG
$0421C2  RELSRBLIST
$04227A  REL_SEG
$0423FE  BLD_SEG
$0425DA  OSstackSize
$042654  Close_Seg
$0426CE  Close_SysSegs
$042758  Evap_Seg
$0427B6  Evap_SysSegs
$042848  PE_EVENT
$042BE2  SAVE_OC
$042C3A  MAKE_OC
$042CC6  SegSwappable
$042E44  CREATE_SPACE
$0430D2  FIND_FREE
$043190  SET_INMOTION_SEG
$043298  CLR_INMOTION_SEG
$0433D8  MOVE_SEG
$04364A  CLEAR_SPACE
$04387E  ALLOC_MEM
$043B32  Exp_SegDiskSize
$043C1A  GET_SEG
$043E46  RECORD_SEG_FAULT
$043ED2  CHECK_DS
$043FAA  CHECK_CS
$0441F4  Check_Stack
$04450E  Size_Stack
$04489E  FLUSH_SEG
$044988  ALT_DS_SIZE
$044E3E  EXP_SYSGLOBAL
$045088  SWAPIN_SEG
$045176  Check_CodeSwap
$0452D6  SET_LDSN
$045394  PreloadCode
$045894  MEMMGR
$045FC8  CVT_NAME
$046032  INIT_SWAPIN
$04612E  GetFree
$046210  MOVE_IT
$046406  MOVE_MEMMGR
$046652  SET_SEGPRIORITY
$0466F2  MM_INIT
$046CB8  MAKE_REGION
$046E02  BLDPGLEN
$046E7A  MEM_CLEANUP
$04707E  axmit
$04707E  COPYBYTES
$04707F  amodem
$047080  arecv
$047081  aerr
$04774A  XMT_TO_HNDL
$04794A  INITIT
$0480AA  CONTROLIT
$0483F8  shift2bytes
$0490D8  STARTIT
$04938C  BREAKOFF
$049464  MODEMA
$049D68  Stuffit
$049D84  InitInfo
$049F68  buffblksize
$049F6C  InitObjFile
$04A1AE  OpenObjFile
$04A3D6  CloseObjFile
$04A43A  GetObjPtr
$04A482  Set0
$04A566  GetObjSeq
$04A6D4  SetObjPtr
$04A7DE  SkipObjBytes
$04A822  GetObjInvar
$04AA90  GetObjVar
$04AAE0  PutObjSeq
$04AB8E  unitio
$04ABC0  blkiolevel
$04ABF7  will_int
$04AEAE  papererr
$04AEAF  slvl0
$04B06C  PINIT
$04B346  bltcountlimit
$04B3A4  SEQSTART
$04B4FC  PPCONTROL
$04B826  Write_PMem
$04B8D6  Read_PMem
$04B97A  BldName
$04BAD0  GetNxtConfig
$04BB42  e_badentry
$04BB43  e_badnext
$04BB44  e_noroom
$04BB45  e_nomore
$04BE3E  slotcountlimit
$04C2E0  PutNxtConfig
$04CAA6  initdisk
$04CAA6  START_NONIOREQ
$04CAAA  readdisk
$04CAAC  writedisk
$04CAAE  format
$04CAB0  downdisk
$04CB84  NONIO_REQ
$04CE8E  initerr
$04CE8F  formaterr
$04CE94  writerr
$04CE95  readerr
$04D4F8  initcont
$04D4F8  PCARDDRIVER
$04D788  badcode
$04D954  term_excep
$04D954  Init_GPList
$04D954  e_badpri
$04D954  w_suspended
$04D954  w_notsuspd
$04D954  w_terming
$04D954  Init_SR
$04D957  e_makestk
$04D958  e_makesysloc
$04D959  n_fp_blks
$04D95A  e_commchan
$04D95E  eb_setpri
$04D960  e_protected
$04D961  e_nounit
$04D962  e_badunit
$04D963  eb_suspend
$04D968  eb_activate
$04D96D  eb_kill
$04D972  eb_make
$04D990  eb_scfence
$04D9B8  proc_errbase
$04D9C8  PM_Version
$04D9DA  Stopped
$04DA1C  shellPriority
$04DA35  maxUserPri
$04DA4C  Stop_Proc
$04DAA2  Unstop_Proc
$04DAF8  Scan_Family
$04DBBE  Add_PCBglist
$04DC22  Bad_SCall
$04DC48  My_ID
$04DC6C  Yield_CPU
$04DD6C  SetPriority_Process
$04DEBA  Sched_Class
$04DFD2  Info_Process
$04E146  adr_debugmode
$04E1D8  Suspend_Process
$04E2CE  Activate_Process
$04E3CC  Kill_Process
$04E4C2  Dissolve
$04E738  Expire
$04EA78  Terminate_Process
$04EC26  Hit_End
$04ECF4  Recv_SoftInt
$04EEE2  Initiate
$04EF58  Do_VersionCntrl
$04EF64  Do_UnitTable
$04F21E  Do_OSData
$04F28E  Do_Executable
$04F3A0  Get_ProgInfo
$04F880  Get_Resources
$04F9FA  Build_Stack
$04FB78  Build_Syslocal
$04FF94  Build_PCB
$050186  CreateProcess
$05020E  FinishCreate
$05047C  Build_JumpTable
$05057E  Make_Process
$050DBA  ModifyProcess
$050ED6  Make_SProcess
$0512A6  List_Versions
$0513F8  Set_DebugMode
$05141A  OSQ
$0515FA  CreateShell
$051776  Root
$051AD6  paraboot
$051C64  T_Profile
$051C64  START_NONIO
$051C65  T_Seagate
$051C66  T_Widget
$051C66  Formatcmd
$051C86  bootdevadr
$051CC8  countlimit
$05204A  PRODRIVER
$054DA0  RS_232
$0552F0  FREE_ID
$0552F0  MDDFPRIMARY
$0552F0  CheckDevice
$0552F1  MDDF_ID
$0552F2  BMAP_ID
$0552F3  SLIST_ID
$0552F4  VDIR_ID
$0552F5  UFILE_ID
$0552F9  FIRSTLDSN
$0552FE  FIRST_FS
$0552FF  PEPSI_FS
$055300  LASTLDSN
$055301  SPRING_FS
$055304  MAXHOLESZ
$055304  MERGETHRESH
$055304  GETDISKMODE
$05530E  MAXPATCHES
$05530F  IXFREELISTS
$055310  MAXCELLSZ
$05532D  BUFBLOCKS
$055351  STRACE
$0553FE  MDDFBACKUP
$055408  HeapInit
$0554F0  DEFDATASIZE
$055508  DEFBLKSIZE
$055520  GetMem
$05560C  GetCell
$0556F0  SCRATCHSZ
$055742  FreeCell
$0557B9  E_GAGME
$0557BA  E_DEVNAME
$0557BB  E_NOTBLOCK
$0557BC  E_BOOTDEV
$0557BF  E_HEAPOVFL
$0557C5  E_CATALOG
$0557C8  E_NOMDDF
$055884  SearchList
$0559CA  LinkCell
$055A8A  UnlinkCell
$055AF0  INITSIZE
$055B0C  InsertCell
$055B70  CellRange
$055C5A  SetDiskMode
$055DB6  ReWriteBlock
$055E7E  CombExtent
$055F84  LoadExtent
$056348  ResetExtent
$05640A  SanityCheck
$056502  NextPg
$056686  PageIO
$0567B0  ReadMDDF
$056A04  PackRun
$056E74  UnpackRun
$0570FA  GenericRun
$05718E  SetupBuffer
$05736E  RewriteRun
$057480  CommitUpdates
$0578B0  NextRun
$057B86  FreeRunList
$057E9C  AllocDisk
$05809A  StoreRun
$0583A6  ScanVolume
$058558  FreeRun
$0585E0  ConfirmLEOF
$058976  ConfirmChain
$058BD4  InsertPatch
$058F8E  ConfirmPages
$05929A  CopyChain
$05953C  UncopyChain
$0596C0  NxtPage
$059794  NxtExtent
$0598F8  ConfirmFmap
$059DC0  Fkill
$059F4C  FixSfile
$05A852  ClearSentry
$05A942  RebuildSfiles
$05AD90  UpdateBitmap
$05AFB0  WriteMDDF
$05B17A  Remnants
$05B8FA  LookupDir
$05B9EC  TreeScan
$05C3AA  ClearCatRec
$05C496  FlatScan
$05CA7C  CatScanII
$05CB4C  Initialize
$05CF62  Scavenge
$05D1B4  Setup_Exception
$05D2EF  TEMP_ID
$05D2EF  MAXRUNLEN
$05D360  SelectDomain
$05D3FC  Set_Address_Space
$05D56E  SelectProcess
$05DAE8  Scheduler
$05DC56  Fail
$05DC70  SimpleScheduler
$05E146  max_mmu_seg_size
$05E146  max_seg_length
$05E364  SFVERSION
$05E364  free
$05E364  taken
$05E364  SPARE_TABLES_OK
$05E366  SPARES_THRESHOLD
$05E368  SPARES_INTACT
$05E369  firstfile
$05E36D  maxsmallindex
$05E375  cur_version
$05E376  sallocate
$05E379  cur_file_version
$05E3B7  maxmapindex
$05E4B2  deallocate
$05E604  psio
$05E69D  E_SALLOC_ARG
$05E69E  E_VOLUME_FULL
$05E6A0  E_DEALLOC_ARG
$05E6A1  E_BAD_DEALLOC
$05E6A7  E_SNUM_RANGE
$05E6AF  E_NO_CONTIG
$05E6BA  E_NO_SNUMS
$05E6BB  E_ALLOC_HINTS
$05E6C4  E_BITMAP_NOSPACE
$05E6C7  E2_DEV_RANGE
$05E6C8  E1_DEV_RANGE
$05E6C9  E1_DEV_MOUNTED
$05E6CA  E_DCB_NOSPACE
$05E782  E_SPARES_DAMAGED
$05E80A  E_NOT_PIPE_PAGE
$05E810  E_DEV_IN_USE
$05E873  E_FMAP_DAMAGED
$05E874  E_BADSTRARG
$05E875  E_BADENAME
$05E876  E_BADSENTRY
$05E9B2  MDDF_IO
$05E9F0  BitMap_IO
$05EA2C  Old_Volume
$05EAA0  Flat_Catalog
$05EB14  FMAP_IO
$05ED22  pglblio
$05EE20  CLEAR_DATAUSED
$05EEB6  nextpage
$05EEF6  slist_io
$05EFEE  ResetFmap
$05F1F2  GetMapEntry
$05F512  InitFmap
$05F696  AbsPosition
$05F7FE  RelPosition
$05F9F2  FMAP_MGR
$05FFAA  GET_PSIZE
$0600A8  APPENDPAGES
$0605EA  RELEASEPAGES
$0608E4  flushfs
$060AC4  new_sfile
$060F7E  kill_sfile
$0611E4  def_mount
$06166E  def_unmount
$06179C  real_mount
$061B66  real_unmount
$061CE6  ALTERED_STATES
$061CE8  badparms
$061CE8  unclamp
$061CEA  finish_read
$061CEA  verify
$061CEB  formattrk
$061CEC  isdiskin
$061CEC  verifytrk
$061CED  read_bf
$061CEE  write_bf
$061F44  generic_rd_err
$061F4C  nodiskpres
$061F4F  fatal_cs_err
$061F55  badcontrol
$062312  NEW_REQ
$0623F7  not_issued
$062403  vererr
$062405  read_err
$062406  write_err
$06250E  DISK_INT
$062FDC  timeversion
$062FE6  tpdef_size
$062FEE  delay_time
$063168  convert_time
$063196  CNV_BLK
$063197  spare_side
$063197  curr_version
$0631AD  spare_track
$0631C3  last_side0
$063257  e_unblk_req
$063655  remap1adr
$063662  remap2adr
$06372E  PARAMEMINIT
$063730  unclampcmd
$063730  mx_soft
$063737  clampcmd
$063748  timtrkerr
$063749  baseyear
$063762  PARAMEM_WRITE
$063772  spareindex
$06378B  mxindx
$063828  SEND_COMMAND
$063884  TWIGOFF
$0638DA  TWIGIO
$0638EC  INIT_TWIGGLOB
$0638FC  firstdev
$0638FC  VmVersion
$063900  NODE_BLKS
$063900  NBUFS
$06390A  REL1_VERSION
$06390B  PEPSI_VERSION
$06390D  SPRING_VERSION
$06390E  SuperGetspace
$06399C  InsertReq
$063A44  Wait_IO
$063AFC  defpgdatasize
$063B5E  E_REQ_NOSPACE
$063B6D  E_DATABAD
$063B70  SetIOMode
$063B82  SetFlushLevel
$063B93  E_CHECKSUM
$063BA0  UltraIO
$063C1E  E_IO_FAILED
$063C1F  E_IO_MODE_BAD
$063C25  E_VM_ARG_BAD
$063C26  E_PAGE_FETCH
$063C2C  E_BUFFERS_NOSPACE
$063C2F  E1_DEVICE_RANGE
$063C30  E_IOREQ_NOSPACE
$063C32  E2_DEVICE_RANGE
$063DAB  E_NOT_IMPLEMENTED
$063E36  romerrbase
$063F84  LisaIO
$063FDA  TFDM
$064056  slotaddr
$0640A0  VmError
$0640FB  NODE_INDEX
$0640FC  NODE_SIZE
$064146  FlushBufs
$06462E  VM
$064F3A  InVm
$065078  FlushQVM
$06509C  FlushNodes
$065354  IO_Init
$065404  IO_Disinit
$0654EE  InitQVM
$06562C  DisinitQVM
$065642  InitBuf
$0656CE  InitBufPool
$06584C  InitVMSems
$0658CE  Reset_VMBusy
$065916  Drivers
$065944  e_timer_process
$065944  e_make_pipe
$065945  e_kill_object
$065946  e_make2_pipe
$065947  e_open_pipe
$065948  e_no_head_tmlist
$065949  e_allocate
$06594E  e_info1
$065950  e_no_tm_le
$065951  e_read_data
$065954  e_write_event
$065955  e_close_event
$065956  e_no_timer
$065957  e_no_treq
$066363  TEMP_SFILE
$066546  syromerrbase
$067C92  osidvalue
$068014  HWIntL
$06803C  DriverInit
$068048  DiskDriver
$06805E  TwiggyDriver
$068074  DiskSync
$068084  NMISync
$068090  COPSSync
$06809C  Poll
$0680A8  MouseLocation
$0680BE  MouseUpdates
$0680CE  MouseScaling
$0680DE  MouseThresh
$0680EE  MouseOdometer
$0680FE  CursorLocation
$068112  CursorTracking
$068122  CursorImage
$068174  CursorHide
$068180  CursorShield
$0681A6  CursorDisplay
$0681B2  CursorObscure
$0681BE  CursorInit
$0681CA  CursorReInit
$0681D6  BusyImage
$068228  BusyDelay
$068238  FrameCounter
$068248  ScreenSize
$06825E  ScreenAddr
$06826E  AltScreenAddr
$06827E  ScreenKeybd
$06828E  SetScreenKeybd
$06829E  Contrast
$0682AE  SetContrast
$0682BE  RampContrast
$0682CE  DimContrast
$0682DE  SetDimContrast
$0682EE  FadeDelay
$0682FE  SetFadeDelay
$06830E  PowerDown
$06831A  PowerCycle
$06832A  Volume
$06833A  SetVolume
$06834A  Noise
$06835A  Silence
$068366  Beep
$068378  Keyboard
$068388  Legends
$068398  SetLegends
$0683A8  KeyIsDown
$0683BE  KeyMap
$0683DA  KeybdPeek
$0683F2  AltKeyPeek
$06841C  KeybdEvent
$068434  AltKeyEvent
$06845E  RepeatRate
$068474  SetRepeatRate
$068486  KeyPushed
$06849A  NMIKey
$0684AA  SetNMIKey
$0684BE  ToggleKey
$0684CE  SetToggleKey
$0684E2  KeyToAscii
$0684FA  MicroTimer
$06850A  Timer
$06851A  AlarmAssign
$068534  AlarmReturn
$068544  AlarmAbsolute
$068556  AlarmRelative
$068568  AlarmOff
$068578  DateTime
$06859A  SetDateTime
$0685BC  DateToTime
$0685E8  TimeStamp
$0685F8  SetTimeStamp
$068608  TimeToDate
$068640  PRIAMROUTINE
$0686F2  ARCHIVEASM
$068C06  cdasm
$068C0C  Pack_pm
$068C66  Crak_pm
$068CCC  SCREAD
$068CCC  CONSOLEASM
$068D50  SCWRITE
$069710  OSQuit
$06973E  ClearBPs
$06977E  UBR
$0697C0  PROCS
$0697E8  DRIVERASM
$069962  excep_prolog
$069962  excepasm
$069990  launchdl
$0699CC  return_excep
$069A50  retn_main
$069A56  divzero_trap
$069A94  valueoob_trap
$069AA0  overflow_trap
$069AAC  illginst_trap
$069AB8  priviolation_trap
$069AC4  line1010_trap
$069AD0  line1111_trap
$069B02  spurintr_trap
$069B0E  trapEhandler
$069B0E  unexp_trap
$069B48  BUS_ERR
$069C86  addrerror_trap
$069C92  get_caller
$069CA0  VALID_AD
$069D9E  PgOffset
$069DBA  Pg
$069DC4  ClearMem
$069DFA  MovrOffsets
$069E28  MovlOffsets
$069E3A  MoveLt
$069E66  MoveRt
$069E90  SearchNode
$069F44  MakeKey
$069F72  DecompKey
$069F96  ItoA
$069FBE  ScvDir
$069FEE  Pair
$06A088  NextCell
$06A0A8  PutFreeLen
$06A0A8  PutFsize
$06A0BA  GetFreeLen
$06A0BA  GetFsize
$06A0C6  INIT_TRAPV
$06A1CE  ENTEROP
$06A1EE  ldmacsbug
$06A22C  INITMMUTIL
$06A2E2  PROG_MMU
$06A3D4  INIT_DEBUGGER
$06A5DA  crash
$06A664  INIT_LLD
$06A66C  LDRTRAP
$06A678  GET_A5
$06A67E  Mover
$06A75E  UNPACKCODE
$06A876  Search_Node
$06A92A  Make_Key
$06A958  LDRLDR
$06AA44  shutdown
$06AB6E  ASM_READ_BLOCK
$06ABFA  CONVERT
$06B47C  INIT_TWIG_TABLE
$06B54C  EXP_POOLSPACE
$06B576  SEG_OF_CALLER
$06B5A8  Init_BP
$06B5B0  Create_BP
$06B5B8  Set_BP
$06B5C0  Clr_BP
$06B6E0  FREEZE_SEG
$06B790  UNFREEZE_SEG
$06B8FA  maxint
$06BAAE  RSOUT
$06BB94  WR_SCC
$06BBC0  ALLOW_OTHER
$06BC04  RESTORE
$06BC60  FINDBIT
$06BE88  INTSOFF
$06BEA2  TRAP7
$06BEA8  INTSON
$06BEBC  A5SETUP
$06BEBC  A5SET
$06BEC8  START_RWTS
$06BF58  DINT
$06BF5A  W_PARAM_MEM
$06BF74  CALL_HDISK
$06BF8E  CALLDRIVER
$06BFC6  ALLSET
$06BFD8  ALRM
$06BFEE  SONYINT
$06BFEE  INTHNDLRS
$06C024  PARALLEL
$06C06C  LVL3INT
$06C084  LVL4INT
$06C09C  LVL5INT
$06C0C0  RSINT
$06C104  nmi
$06C290  INIT_NMI_TRAPV
$06C2B0  MACSBUG
$06C2B8  pmacsbug
$06C318  %%%INIT
$06C318  %_BEGIN
$06C31A  %_END
$06C31C  %_INIT
$06C322  %%%MISC
$06C322  %_IOERR
$06C338  %_GOTOXY
$06C358  %_GOTO
$06C35E  %_LSTSG
$06C364  %%%MOVE
$06C364  %_MOVEL
$06C3AE  %_MOVER
$06C3C6  %_FILLC
$06C3D8  %_SCANE
$06C41A  %_SCANN
$06C45C  %%%RANGE
$06C45C  %_RCHCK
$06C4A4  %_SRCHK
$06C4E8  %%%SCOMP
$06C4E8  %S_NE
$06C4F0  %S_EQ
$06C52A  %S_GT
$06C53E  %S_LE
$06C552  %S_LT
$06C566  %S_GE
$06C5B2  %%%SET
$06C5B2  %_INTER
$06C5F2  %_SING
$06C63A  %_UNION
$06C68C  %_DIFF
$06C6D2  %_RDIFF
$06C720  %_RANGE
$06C79C  %_ADJ
$06C7D0  %_SETNE
$06C7DA  %_SETEQ
$06C848  %_SETGE
$06C862  %_SETLE
$06C8C0  %_TERM
$06C8C0  %_HALT
$06C8C0  %%%TEXT
$06C8C0  %initstdio
$06CA80  %charget
$06CB9E  %charput
$06CBE0  %W_LN
$06CBF6  %W_C
$06CC16  %W_STR
$06CC44  %W_PAOC
$06CC6E  %W_I
$06CCD8  %W_B
$06CD04  %_PAGE
$06CD22  %R_C
$06CD44  %R_LN
$06CD72  %R_PAOC
$06CE1E  %R_STR
$06CEA8  %R_I
$06D722  %%%TRING
$06D722  %_CAT
$06D776  %_POS
$06D7C0  %_COPY
$06D804  %_DEL
$06D844  %_INS
$06D880  oslib
$06DBBA  prog_nmi_key
$06DD50  %I_MUL4
$06DD50  %%%MATH
$06DD84  %I_DIV4
$06DDAC  %I_MOD4
$06DE36  poslib
$06E054  PRIAMASM
$06E6FC  PCARDASM
$06E8FE  PRINT_STATUS
$06E974  PRINT_CHR
$06E9E0  PRINT_INIT
$06EA58  ENTER_SC
$06EA6E  SCHDTRAP
$06EAAA  Pause
$06EAB0  Launch
$06EAD4  ShiftLRU
$06EB10  QUEUE_PR
$06EB74  SCHEDDIS
$06EB86  SCHEDENA
$06EB98  Invoke
$06EBA2  SETSYSMO
$06EC0A  ExitSys
$06EC24  SYS_CALL
$06EC42  RETURNUS
$06ECFE  TRAP1
$06ED48  PROFASM
$06F9A8  PROF_INIT
$06FBAE  PROF_DOWN
$070198  SERNUM
$070368  SONYASM
$070724  PASCALINIT
$0707F4  SET_DOMAIN
$07082A  VERSN_PROM
$070834  DISP_MESSAGE
$070A02  DISP_ERROR
$070A42  COUNT_SPAN
$070AA0  FILL_SPAN
$070AFE  REG_TO_MAPPED
$070B34  INIT_READ_PM
$070B50  INIT_WRITE_PM
$070B6C  VERIFY_CKSUM
$070B88  ENTER_LOADER
$070BBC  EXISTS_CARD
$070BF6  GET_ID_FIELD
$070C0A  Calc_Cksum
$0F8BD4  p_maxDssize
$1063C2  k_1MBm32k
$10E1C2  k_allmem
$10E3C2  k_1MB
$477B2D  badptr1
$5D812D  badptr2
$A6E3C2  logDrvrCode
$AAE3C2  logrealmem
$FCC415  adr_intdisk
$FCC431  adr_ioboard
$FD5727  slot_base
$FE1027  para_port
$80000000  no_FAinfo
$FFFF9BA5  mmrb_addr
$FFFF9BB9  domSMTBase
$FFFF9BC1  lb_enabled
$FFFF9BC2  lb_loaded
$FFFF9BC3  sctab
$FFFF9EB1  stataddr
$FFFF9EB5  SchdAddr
$FFFF9EB9  memleng
$FFFF9EBD  membase
$FFFF9EC1  pe_access
$FFFF9EC2  pe_phase
$FFFF9EC3  pe_loc2
$FFFF9EC7  pe_loc1
$FFFF9EC9  smt_addr
$FFFF9ECD  DCT
$FFFF9EEB  param_mem
$FFFF9F2E  Invoke_sched
$FFFF9F2F  b_syslocal_ptr
$FFFF9F33  sct_ptr
$FFFF9FD7  c_pcb_ptr
$FFFF9FDB  sysA5
$FFFF9FDF  port_cb_ptrs
$FFFF9FFF  size_sglobal
$FFFFA001  sg_free_pool_addr
$FFFFDE86  semvmbusy
$FFFFDE8E  vmbusycount
$FFFFDE90  clock
$FFFFDE94  vmstate
$FFFFDF90  g_semBufPool
$FFFFDF98  ptrCold
$FFFFDF9C  ptrHot
$FFFFDFA0  vmbusy
$FFFFDFA2  semfreeslot
$FFFFDFAA  semvm
$FFFFE052  freeslot
$FFFFE054  mounttable
$FFFFE0F5  cur_drive
$FFFFE0F6  rwts_data
$FFFFE112  sector_table
$FFFFE1CC  remapper
$FFFFE1F2  ltd_minute
$FFFFE1F3  ltd_hour
$FFFFE1F4  hd_tml_ptr
$FFFFE1F8  gflatCat
$FFFFE1FA  gfsOverhead
$FFFFE1FC  gfreeCnt
$FFFFE200  gvolDirty
$FFFFE202  goldVol
$FFFFE204  gemptyFile
$FFFFE206  gnfiles
$FFFFE208  gptrFreeList
$FFFFE20C  gptrSfList
$FFFFE210  gpage
$FFFFE214  gptrRdata
$FFFFE218  gptrRlabl
$FFFFE21C  gptrData
$FFFFE220  gptrLabl
$FFFFE224  gptrMDDF
$FFFFE228  gdevice
$FFFFE22A  Option
$FFFFE232  SaveDiskCntrl
$FFFFE23E  SavedRefnum
$FFFFE24E  Scratch
$FFFFE25C  ExtentBuf
$FFFFE282  NullPage
$FFFFE49C  FreeMemList
$FFFFE55C  Heap
$FFFFE56A  fs_blk0
$FFFFE56C  drive_no
$FFFFE56E  debug_poker
$FFFFE572  log_vol
$FFFFE574  ld_bootdev
$FFFFE576  parmend
$FFFFE578  bothimem
$FFFFE57C  toplomem
$FFFFE580  two_screens
$FFFFE582  have_lisabug
$FFFFE584  unpktaddr
$FFFFE588  l_debugseg
$FFFFE58C  b_debugseg
$FFFFE590  swappedin
$FFFFE5F0  l_oscode
$FFFFE6B0  b_oscode
$FFFFE770  ld_sernum
$FFFFE774  os_segs
$FFFFE776  smt_base
$FFFFE77A  debugmode
$FFFFE77C  fs_block0
$FFFFE77E  l_physicalmem
$FFFFE782  lomem
$FFFFE786  himem
$FFFFE78A  l_drivers
$FFFFE78E  b_drivers
$FFFFE792  l_vmbuffer
$FFFFE796  b_vmbuffer
$FFFFE79A  l_scrdata
$FFFFE79E  b_scrdata
$FFFFE7A2  l_opustack
$FFFFE7A6  b_opustack
$FFFFE7AA  l_opsyslocal
$FFFFE7AE  b_opsyslocal
$FFFFE7B2  l_db_screen
$FFFFE7B6  b_db_screen
$FFFFE7BA  l_screen
$FFFFE7BE  b_screen
$FFFFE7C2  l_sgheap
$FFFFE7C6  b_sgheap
$FFFFE7CA  l_intrin_ptrs
$FFFFE7CE  b_intrin_ptrs
$FFFFE7D2  l_superstack
$FFFFE7D6  b_superstack
$FFFFE7DA  l_sys_global
$FFFFE7DE  b_sys_global
$FFFFE7E2  l_sysjt
$FFFFE7E6  b_sysjt
$FFFFE7EA  mainentry
$FFFFE7EE  globals
$FFFFE7F0  segclass
$FFFFE820  smt_adr
$FFFFE824  block0
$FFFFE826  driveselect
$FFFFE828  root_page
$FFFFE82C  tree_depth
$FFFFE82E  fs_version
$FFFFE830  bufsize
$FFFFE832  smalloffset
$FFFFE834  catentries
$FFFFE836  map_offset
$FFFFE838  slist_packing
$FFFFE83A  slist_addr
$FFFFE83E  catalog
$FFFFE842  curr_page
$FFFFE846  last_page
$FFFFE848  nextbyte
$FFFFE84A  hdr
$FFFFE864  buf
$FFFFEA64  ld_filemap
$FFFFF264  btree_buf
$FFFFF8D0  resumable
$FFFFFA64  alarm_table
$FFFFFAF3  W_NO_PASSWORD
$FFFFFB34  g_dirLevel
$FFFFFB36  DirStack
$FFFFFB56  NodeStack
$FFFFFB68  W_DATA_ALTERED
$FFFFFB69  W_SCAVENGED
$FFFFFB6A  W_LEFT_OPEN
$FFFFFB6B  W_OS_CLOSED
$FFFFFB86  partial_operation_warning
$FFFFFBA0  bkwd_ReadyQ
$FFFFFBA4  fwd_ReadyQ
$FFFFFBA8  bkwd_BlockQ
$FFFFFBAC  fwd_BlockQ
$FFFFFBDC  W_TEMP_UNMOUNT
$FFFFFBDC  W_FOREIGN_MOUNT
$FFFFFC56  num_local_ec
$FFFFFC5A  head_lec_refdb
$FFFFFC5E  cparm
$FFFFFC8A  i
$FFFFFC8C  errnum
$FFFFFC8E  path
$FFFFFC94  W_FLUSH
$FFFFFD54  W_FORMAT
$FFFFFD69  cserr
$FFFFFD69  W_CHECKSUM
$FFFFFD8E  time_cb
$FFFFFD8E  W_DATAMAYBE
$FFFFFD8F  W_DATABAD
$FFFFFD94  ldr_a5
$FFFFFD98  boot_accessible
$FFFFFD9A  pmpos
$FFFFFDA6  rootptr
$FFFFFE46  prev_unid
$FFFFFE4A  unblk_tail
$FFFFFE4E  unblk_alarm
$FFFFFE50  ubd_pcb_ptr
$FFFFFE54  iomodel
$FFFFFE56  cpumodel
$FFFFFE58  enterShutdown
$FFFFFE5A  rootReq_chan
$FFFFFE5C  fs_mode
$FFFFFE5D  flush_level
$FFFFFE5E  EC_list
$FFFFFE62  pVmErr
$FFFFFE63  e_scavenged
$FFFFFE64  VmErrList
$FFFFFE64  e_leftopen
$FFFFFEFA  io_retries
$FFFFFEFC  going_down
$FFFFFEFE  IUDsdb_ptr
$FFFFFF02  unpacktabaddr
$FFFFFF06  osVers_num
$FFFFFF09  pmem_state
$FFFFFF0A  anyBPs
$FFFFFF0C  debugProcess
$FFFFFF0E  no_syscodesegs
$FFFFFF10  boot_rootptr
$FFFFFF14  boot_dcbptr
$FFFFFF18  mainmem
$FFFFFF1C  serial_no
$FFFFFF20  glo_refnum
$FFFFFF26  c_domain
$FFFFFF28  grow_sysglobal
$FFFFFF2A  init_in_progress
$FFFFFF2C  bootdev
$FFFFFF2E  nonPreempt
$FFFFFF32  sched_attn
$FFFFFF36  glob_pcb_list
$FFFFFF3A  lcb_addr
$FFFFFF3C  sdb_realmem
$FFFFFF40  sdb_sysglobal
$FFFFFF44  mm_pcb_ptr
$FFFFFF48  root_pcb_ptr
$FFFFFF4C  next_gprocid
$FFFFFF50  sysl_free
$FFFFFF52  sysg_free
$FFFFFF54  b_sysglobal_ptr
$FFFFFF58  s_mrbt_addr
$FFFFFF5C  domainLRU
$FFFFFF60  configinfo
$FFFFFF80  nameblock
$FFFFFF80  nulcmd
$FFFFFF81  endblock
$FFFFFF81  excmd
$FFFFFF83  seek
$FFFFFF85  codeblock
$FFFFFF85  clristat
$FFFFFF86  enabstat
$FFFFFF87  clrmask
$FFFFFF89  goaway
$FFFFFF98  execblock
$FFFFFF99  versionctrl
$FFFFFF9E  darn_nonsense
$FFFFFFA0  packcodeblock
$FFFFFFA1  packtable
$FFFFFFEC  w_lfscaved
$FFFFFFED  w_progscaved
$FFFFFFFE  min_ldsn
$FFFFFFFE  stk_ldsn
$FFFFFFFF  iob_twiggy
$FFFFFFFF  empty
$FFFFFFFF  BAD
$FFFFFFFF  sloc_ldsn
$FFFFFFFF  redlight
$FFFFFFFF  ALL_DEVICES
$FFFFFFFF  ALL_SFILES
